<html>
<body>
<pre>
<h1>µVision Build Log</h1>
<h2>Project:</h2>
L:\HL\5CHEL_17\Ue\Ue1\ue1.uvproj
Project File Date:  10/05/2017

<h2>Output:</h2>
Build target 'mbed NXP LPC11U24'
linking...
Program Size: Code=1744 RO-data=580 RW-data=28 ZI-data=140  
After Build - User command #1: C:\Keil_v5\ARM\BIN\ElfDwT.exe  .\obj\ue1.axf
ELFDWT - Signature Creator V1.1
COPYRIGHT Keil - An ARM Company, Copyright (C) 2012
*** Updated Signature over Range[32] (0x00000000 - 0x00000018): @0x0000001C = 0xEFFFDF34
*** Processing completed, no Errors.
After Build - User command #2: fromelf --bin -o ue1.bin .\obj\ue1.axf
".\obj\ue1.axf" - 0 Error(s), 0 Warning(s).
- 0 Error(s), 0 Warning(s).
