<html>
<body>
<pre>
<h1>µVision Build Log</h1>
<h2>Project:</h2>
S:\Dateien\Desktop\SWDEV\5BHEL-FSST-M0\Kail Arbeitsordner\Ue\LimMon\ue1.uvproj
Project File Date:  03/28/2018

<h2>Output:</h2>
Rebuild target 'mbed NXP LPC11U24'
compiling FuncGenMain3.cpp...
FuncGenMain3.cpp(52): warning:  #111-D: statement is unreachable
    return 1;
FuncGenMain3.cpp: 1 warning, 0 errors
compiling FuncGenFSST.cpp...
compiling Serial_HL.cpp...
linking...
Program Size: Code=12280 RO-data=796 RW-data=104 ZI-data=344  
After Build - User command #1: C:\Keil\ARM\BIN\ElfDwT.exe  .\obj\ue1.axf
ELFDWT - Signature Creator V1.1
COPYRIGHT Keil - An ARM Company, Copyright (C) 2012
*** Updated Signature over Range[32] (0x00000000 - 0x00000018): @0x0000001C = 0xEFFFE30C
*** Processing completed, no Errors.
After Build - User command #2: fromelf --bin -o ue1.bin .\obj\ue1.axf
".\obj\ue1.axf" - 0 Error(s), 1 Warning(s).
</pre>
</body>
</html>
